"properties/403517979","Website - GA4","accounts/128209249","Keboola Website"
