"id","name","webPropertyId","webPropertyName","accountId","accountName"
"184062725","All Web Site Data","UA-128209249-1","Website","128209249","Keboola Website"
