"eef4262bb69d17cacaf4d12d68ad8eb53e819cfc","255885884","2023-05-16","3","0"
