"2ca96cd822fd5f439cb18fcb96e6eb9f7304b548","255885884","2024-04-20","1","0"
