"properties/255885884","users","accounts/185283969","Keboola"
